../Core/Src/stm32l4xx_it.c:70:6:NMI_Handler	4	static
../Core/Src/stm32l4xx_it.c:85:6:HardFault_Handler	4	static
../Core/Src/stm32l4xx_it.c:100:6:MemManage_Handler	4	static
../Core/Src/stm32l4xx_it.c:115:6:BusFault_Handler	4	static
../Core/Src/stm32l4xx_it.c:130:6:UsageFault_Handler	4	static
../Core/Src/stm32l4xx_it.c:145:6:DebugMon_Handler	4	static
../Core/Src/stm32l4xx_it.c:165:6:DMA1_Channel6_IRQHandler	4	static
../Core/Src/stm32l4xx_it.c:179:6:DMA1_Channel7_IRQHandler	4	static
../Core/Src/stm32l4xx_it.c:193:6:TIM1_UP_TIM16_IRQHandler	8	static
../Core/Src/stm32l4xx_it.c:207:6:I2C1_EV_IRQHandler	8	static
../Core/Src/stm32l4xx_it.c:221:6:I2C1_ER_IRQHandler	4	static
