../Drivers/STM32L4xx_HAL_Driver/Inc/stm32l4xx_ll_dma.h:1710:26:LL_DMA_IsActiveFlag_TC7	16	static
../Drivers/STM32L4xx_HAL_Driver/Inc/stm32l4xx_ll_dma.h:2046:22:LL_DMA_ClearFlag_TC7	16	static
../Core/Src/stm32l4xx_it.c:72:6:NMI_Handler	4	static
../Core/Src/stm32l4xx_it.c:87:6:HardFault_Handler	4	static
../Core/Src/stm32l4xx_it.c:102:6:MemManage_Handler	4	static
../Core/Src/stm32l4xx_it.c:117:6:BusFault_Handler	4	static
../Core/Src/stm32l4xx_it.c:132:6:UsageFault_Handler	4	static
../Core/Src/stm32l4xx_it.c:147:6:DebugMon_Handler	4	static
../Core/Src/stm32l4xx_it.c:167:6:DMA1_Channel6_IRQHandler	4	static
../Core/Src/stm32l4xx_it.c:181:6:DMA1_Channel7_IRQHandler	8	static
../Core/Src/stm32l4xx_it.c:199:6:TIM1_UP_TIM16_IRQHandler	8	static
../Core/Src/stm32l4xx_it.c:213:6:I2C1_EV_IRQHandler	4	static
../Core/Src/stm32l4xx_it.c:227:6:I2C1_ER_IRQHandler	4	static
